     0 Sat Sep 13 18:46:32 EDT 2008 META-INF/
   134 Sat Sep 13 18:46:30 EDT 2008 META-INF/MANIFEST.MF
     0 Sat Sep 13 18:46:04 EDT 2008 conf/
     0 Sat Sep 13 18:46:04 EDT 2008 src/
     0 Sat Sep 13 18:46:04 EDT 2008 src/java/
     0 Sat Sep 13 18:46:04 EDT 2008 src/java/conf/
     0 Sat Sep 13 18:46:04 EDT 2008 src/java/uk/
     0 Sat Sep 13 18:46:04 EDT 2008 src/java/uk/ac/
     0 Sat Sep 13 18:46:04 EDT 2008 src/java/uk/ac/cam/
     0 Sat Sep 13 18:46:04 EDT 2008 src/java/uk/ac/cam/caret/
     0 Sat Sep 13 18:46:04 EDT 2008 src/java/uk/ac/cam/caret/sakai/
     0 Sat Sep 13 18:46:04 EDT 2008 src/java/uk/ac/cam/caret/sakai/rsf/
     0 Sat Sep 13 18:46:04 EDT 2008 src/java/uk/ac/cam/caret/sakai/rsf/bridge/
     0 Sat Sep 13 18:46:04 EDT 2008 src/java/uk/ac/cam/caret/sakai/rsf/copies/
     0 Sat Sep 13 18:46:04 EDT 2008 src/java/uk/ac/cam/caret/sakai/rsf/entitybroker/
     0 Sat Sep 13 18:46:04 EDT 2008 src/java/uk/ac/cam/caret/sakai/rsf/errors/
     0 Sat Sep 13 18:46:04 EDT 2008 src/java/uk/ac/cam/caret/sakai/rsf/genericdao/
     0 Sat Sep 13 18:46:04 EDT 2008 src/java/uk/ac/cam/caret/sakai/rsf/helper/
     0 Sat Sep 13 18:46:04 EDT 2008 src/java/uk/ac/cam/caret/sakai/rsf/locale/
     0 Sat Sep 13 18:46:04 EDT 2008 src/java/uk/ac/cam/caret/sakai/rsf/producers/
     0 Sat Sep 13 18:46:04 EDT 2008 src/java/uk/ac/cam/caret/sakai/rsf/servlet/
     0 Sat Sep 13 18:46:04 EDT 2008 src/java/uk/ac/cam/caret/sakai/rsf/state/
     0 Sat Sep 13 18:46:04 EDT 2008 src/java/uk/ac/cam/caret/sakai/rsf/template/
     0 Sat Sep 13 18:46:04 EDT 2008 src/java/uk/ac/cam/caret/sakai/rsf/util/
     0 Sat Sep 13 18:46:28 EDT 2008 uk/
     0 Sat Sep 13 18:46:28 EDT 2008 uk/ac/
     0 Sat Sep 13 18:46:28 EDT 2008 uk/ac/cam/
     0 Sat Sep 13 18:46:28 EDT 2008 uk/ac/cam/caret/
     0 Sat Sep 13 18:46:28 EDT 2008 uk/ac/cam/caret/sakai/
     0 Sat Sep 13 18:46:28 EDT 2008 uk/ac/cam/caret/sakai/rsf/
     0 Sat Sep 13 18:46:28 EDT 2008 uk/ac/cam/caret/sakai/rsf/bridge/
     0 Sat Sep 13 18:46:28 EDT 2008 uk/ac/cam/caret/sakai/rsf/copies/
     0 Sat Sep 13 18:46:28 EDT 2008 uk/ac/cam/caret/sakai/rsf/entitybroker/
     0 Sat Sep 13 18:46:28 EDT 2008 uk/ac/cam/caret/sakai/rsf/errors/
     0 Sat Sep 13 18:46:28 EDT 2008 uk/ac/cam/caret/sakai/rsf/genericdao/
     0 Sat Sep 13 18:46:28 EDT 2008 uk/ac/cam/caret/sakai/rsf/helper/
     0 Sat Sep 13 18:46:28 EDT 2008 uk/ac/cam/caret/sakai/rsf/locale/
     0 Sat Sep 13 18:46:28 EDT 2008 uk/ac/cam/caret/sakai/rsf/producers/
     0 Sat Sep 13 18:46:28 EDT 2008 uk/ac/cam/caret/sakai/rsf/servlet/
     0 Sat Sep 13 18:46:28 EDT 2008 uk/ac/cam/caret/sakai/rsf/state/
     0 Sat Sep 13 18:46:28 EDT 2008 uk/ac/cam/caret/sakai/rsf/template/
     0 Sat Sep 13 18:46:28 EDT 2008 uk/ac/cam/caret/sakai/rsf/util/
  3918 Sat Sep 13 18:46:04 EDT 2008 conf/sakai-applicationContext.xml
  1554 Sat Sep 13 18:46:04 EDT 2008 conf/sakai-entitybroker-13-applicationContext.xml
   594 Sat Sep 13 18:46:04 EDT 2008 conf/sakai-entitybroker-13-requestContext.xml
  2307 Sat Sep 13 18:46:04 EDT 2008 conf/sakai-entitybroker-applicationContext.xml
   335 Sat Sep 13 18:46:04 EDT 2008 conf/sakai-entitybroker-requestContext.xml
  1063 Sat Sep 13 18:46:04 EDT 2008 conf/sakai-portalErrors-applicationContext.xml
   568 Sat Sep 13 18:46:04 EDT 2008 conf/sakai-portalErrors-requestContext.xml
  5335 Sat Sep 13 18:46:04 EDT 2008 conf/sakai-requestContext.xml
  3918 Sat Sep 13 18:46:04 EDT 2008 src/java/conf/sakai-applicationContext.xml
  1554 Sat Sep 13 18:46:04 EDT 2008 src/java/conf/sakai-entitybroker-13-applicationContext.xml
   594 Sat Sep 13 18:46:04 EDT 2008 src/java/conf/sakai-entitybroker-13-requestContext.xml
  2307 Sat Sep 13 18:46:04 EDT 2008 src/java/conf/sakai-entitybroker-applicationContext.xml
   335 Sat Sep 13 18:46:04 EDT 2008 src/java/conf/sakai-entitybroker-requestContext.xml
  1063 Sat Sep 13 18:46:04 EDT 2008 src/java/conf/sakai-portalErrors-applicationContext.xml
   568 Sat Sep 13 18:46:04 EDT 2008 src/java/conf/sakai-portalErrors-requestContext.xml
  5335 Sat Sep 13 18:46:04 EDT 2008 src/java/conf/sakai-requestContext.xml
  1028 Sat Sep 13 18:46:04 EDT 2008 src/java/uk/ac/cam/caret/sakai/rsf/bridge/SakaiNavConversion.java
  1097 Sat Sep 13 18:46:04 EDT 2008 src/java/uk/ac/cam/caret/sakai/rsf/copies/DefaultPortalMatter.java
  2731 Sat Sep 13 18:46:04 EDT 2008 src/java/uk/ac/cam/caret/sakai/rsf/copies/Web.java
  4456 Sat Sep 13 18:46:04 EDT 2008 src/java/uk/ac/cam/caret/sakai/rsf/entitybroker/AccessRegistrar.java
   464 Sat Sep 13 18:46:04 EDT 2008 src/java/uk/ac/cam/caret/sakai/rsf/entitybroker/CommonAccessHandler.java
  1946 Sat Sep 13 18:46:04 EDT 2008 src/java/uk/ac/cam/caret/sakai/rsf/entitybroker/EntityViewAccessRegistrar.java
  2226 Sat Sep 13 18:46:04 EDT 2008 src/java/uk/ac/cam/caret/sakai/rsf/entitybroker/EntityViewParamsInferrer.java
  2146 Sat Sep 13 18:46:04 EDT 2008 src/java/uk/ac/cam/caret/sakai/rsf/entitybroker/EntityViewViewParamsInferrer.java
  1535 Sat Sep 13 18:46:04 EDT 2008 src/java/uk/ac/cam/caret/sakai/rsf/entitybroker/EVPIManager.java
  1530 Sat Sep 13 18:46:04 EDT 2008 src/java/uk/ac/cam/caret/sakai/rsf/entitybroker/EVVPIManager.java
   635 Sat Sep 13 18:46:04 EDT 2008 src/java/uk/ac/cam/caret/sakai/rsf/entitybroker/PrefixHandler.java
   774 Sat Sep 13 18:46:04 EDT 2008 src/java/uk/ac/cam/caret/sakai/rsf/entitybroker/RegistrationUtil.java
   570 Sat Sep 13 18:46:04 EDT 2008 src/java/uk/ac/cam/caret/sakai/rsf/errors/ErrorFilter.java
  1694 Sat Sep 13 18:46:04 EDT 2008 src/java/uk/ac/cam/caret/sakai/rsf/errors/ExplodingWrapper.java
  2801 Sat Sep 13 18:46:04 EDT 2008 src/java/uk/ac/cam/caret/sakai/rsf/genericdao/GenericDAOEntityBeanManager.java
   996 Sat Sep 13 18:46:04 EDT 2008 src/java/uk/ac/cam/caret/sakai/rsf/genericdao/GenericDAOEntityHandler.java
   506 Sat Sep 13 18:46:04 EDT 2008 src/java/uk/ac/cam/caret/sakai/rsf/genericdao/GenericDAORunnableInvoker.java
   504 Sat Sep 13 18:46:04 EDT 2008 src/java/uk/ac/cam/caret/sakai/rsf/helper/FilePickerBean.java
   703 Sat Sep 13 18:46:04 EDT 2008 src/java/uk/ac/cam/caret/sakai/rsf/helper/HelperHandlerHook.java
 10622 Sat Sep 13 18:46:04 EDT 2008 src/java/uk/ac/cam/caret/sakai/rsf/helper/HelperHandlerHookBean.java
   742 Sat Sep 13 18:46:04 EDT 2008 src/java/uk/ac/cam/caret/sakai/rsf/helper/HelperViewParameters.java
  1394 Sat Sep 13 18:46:04 EDT 2008 src/java/uk/ac/cam/caret/sakai/rsf/helper/MultipartResolverFactoryBean.java
  2467 Sat Sep 13 18:46:04 EDT 2008 src/java/uk/ac/cam/caret/sakai/rsf/locale/SakaiLocaleDeterminer.java
   552 Sat Sep 13 18:46:04 EDT 2008 src/java/uk/ac/cam/caret/sakai/rsf/locale/SakaiLocaleSetter.java
  1203 Sat Sep 13 18:46:04 EDT 2008 src/java/uk/ac/cam/caret/sakai/rsf/producers/FrameAdjustingProducer.java
  3176 Sat Sep 13 18:46:04 EDT 2008 src/java/uk/ac/cam/caret/sakai/rsf/servlet/ReasonableSakaiServlet.java
  3301 Sat Sep 13 18:46:04 EDT 2008 src/java/uk/ac/cam/caret/sakai/rsf/servlet/SakaiBaseURLProviderFactory.java
  5261 Sat Sep 13 18:46:04 EDT 2008 src/java/uk/ac/cam/caret/sakai/rsf/servlet/SakaiHttpServletFactory.java
  5824 Sat Sep 13 18:46:04 EDT 2008 src/java/uk/ac/cam/caret/sakai/rsf/servlet/SakaiRequestParser.java
  2365 Sat Sep 13 18:46:04 EDT 2008 src/java/uk/ac/cam/caret/sakai/rsf/servlet/SakaiServletContextLocatorListener.java
  1932 Sat Sep 13 18:46:04 EDT 2008 src/java/uk/ac/cam/caret/sakai/rsf/servlet/SakaiServletContextLocatorLocator.java
  2416 Sat Sep 13 18:46:04 EDT 2008 src/java/uk/ac/cam/caret/sakai/rsf/state/InSakaiSessionTSH.java
   781 Sat Sep 13 18:46:04 EDT 2008 src/java/uk/ac/cam/caret/sakai/rsf/template/SakaiBodyTPI.java
   907 Sat Sep 13 18:46:04 EDT 2008 src/java/uk/ac/cam/caret/sakai/rsf/template/SakaiPortalMatterSCR.java
   749 Sat Sep 13 18:46:04 EDT 2008 src/java/uk/ac/cam/caret/sakai/rsf/util/MimeIconFetcher.java
  1290 Sat Sep 13 18:46:04 EDT 2008 src/java/uk/ac/cam/caret/sakai/rsf/util/PermissionChecker.java
   499 Sat Sep 13 18:46:04 EDT 2008 src/java/uk/ac/cam/caret/sakai/rsf/util/SakaiURLUtil.java
  1644 Sat Sep 13 18:46:32 EDT 2008 uk/ac/cam/caret/sakai/rsf/bridge/SakaiNavConversion.class
  1134 Sat Sep 13 18:46:32 EDT 2008 uk/ac/cam/caret/sakai/rsf/copies/DefaultPortalMatter.class
  2000 Sat Sep 13 18:46:32 EDT 2008 uk/ac/cam/caret/sakai/rsf/copies/Web.class
  1071 Sat Sep 13 18:46:32 EDT 2008 uk/ac/cam/caret/sakai/rsf/entitybroker/AccessRegistrar$1.class
  3273 Sat Sep 13 18:46:32 EDT 2008 uk/ac/cam/caret/sakai/rsf/entitybroker/AccessRegistrar$2.class
  4397 Sat Sep 13 18:46:32 EDT 2008 uk/ac/cam/caret/sakai/rsf/entitybroker/AccessRegistrar.class
   349 Sat Sep 13 18:46:32 EDT 2008 uk/ac/cam/caret/sakai/rsf/entitybroker/CommonAccessHandler.class
  1349 Sat Sep 13 18:46:32 EDT 2008 uk/ac/cam/caret/sakai/rsf/entitybroker/EntityViewAccessRegistrar$1.class
  2699 Sat Sep 13 18:46:32 EDT 2008 uk/ac/cam/caret/sakai/rsf/entitybroker/EntityViewAccessRegistrar.class
   332 Sat Sep 13 18:46:32 EDT 2008 uk/ac/cam/caret/sakai/rsf/entitybroker/EntityViewParamsInferrer.class
   364 Sat Sep 13 18:46:32 EDT 2008 uk/ac/cam/caret/sakai/rsf/entitybroker/EntityViewViewParamsInferrer.class
  2515 Sat Sep 13 18:46:32 EDT 2008 uk/ac/cam/caret/sakai/rsf/entitybroker/EVPIManager.class
  2500 Sat Sep 13 18:46:32 EDT 2008 uk/ac/cam/caret/sakai/rsf/entitybroker/EVVPIManager.class
   199 Sat Sep 13 18:46:32 EDT 2008 uk/ac/cam/caret/sakai/rsf/entitybroker/PrefixHandler.class
  1303 Sat Sep 13 18:46:32 EDT 2008 uk/ac/cam/caret/sakai/rsf/entitybroker/RegistrationUtil.class
   798 Sat Sep 13 18:46:32 EDT 2008 uk/ac/cam/caret/sakai/rsf/errors/ErrorFilter.class
  2287 Sat Sep 13 18:46:32 EDT 2008 uk/ac/cam/caret/sakai/rsf/errors/ExplodingWrapper.class
  1078 Sat Sep 13 18:46:32 EDT 2008 uk/ac/cam/caret/sakai/rsf/genericdao/GenericDAOEntityBeanManager$1.class
  4215 Sat Sep 13 18:46:32 EDT 2008 uk/ac/cam/caret/sakai/rsf/genericdao/GenericDAOEntityBeanManager.class
  1507 Sat Sep 13 18:46:32 EDT 2008 uk/ac/cam/caret/sakai/rsf/genericdao/GenericDAOEntityHandler.class
   889 Sat Sep 13 18:46:32 EDT 2008 uk/ac/cam/caret/sakai/rsf/genericdao/GenericDAORunnableInvoker.class
   681 Sat Sep 13 18:46:32 EDT 2008 uk/ac/cam/caret/sakai/rsf/helper/FilePickerBean.class
  1240 Sat Sep 13 18:46:32 EDT 2008 uk/ac/cam/caret/sakai/rsf/helper/HelperHandlerHook.class
 11611 Sat Sep 13 18:46:32 EDT 2008 uk/ac/cam/caret/sakai/rsf/helper/HelperHandlerHookBean.class
   644 Sat Sep 13 18:46:32 EDT 2008 uk/ac/cam/caret/sakai/rsf/helper/HelperViewParameters.class
  1502 Sat Sep 13 18:46:32 EDT 2008 uk/ac/cam/caret/sakai/rsf/helper/MultipartResolverFactoryBean.class
  2860 Sat Sep 13 18:46:32 EDT 2008 uk/ac/cam/caret/sakai/rsf/locale/SakaiLocaleDeterminer.class
   998 Sat Sep 13 18:46:32 EDT 2008 uk/ac/cam/caret/sakai/rsf/locale/SakaiLocaleSetter.class
  1755 Sat Sep 13 18:46:32 EDT 2008 uk/ac/cam/caret/sakai/rsf/producers/FrameAdjustingProducer.class
  4071 Sat Sep 13 18:46:32 EDT 2008 uk/ac/cam/caret/sakai/rsf/servlet/ReasonableSakaiServlet.class
  3440 Sat Sep 13 18:46:32 EDT 2008 uk/ac/cam/caret/sakai/rsf/servlet/SakaiBaseURLProviderFactory.class
  1384 Sat Sep 13 18:46:32 EDT 2008 uk/ac/cam/caret/sakai/rsf/servlet/SakaiHttpServletFactory$1.class
  4218 Sat Sep 13 18:46:32 EDT 2008 uk/ac/cam/caret/sakai/rsf/servlet/SakaiHttpServletFactory.class
  6410 Sat Sep 13 18:46:32 EDT 2008 uk/ac/cam/caret/sakai/rsf/servlet/SakaiRequestParser.class
  3212 Sat Sep 13 18:46:32 EDT 2008 uk/ac/cam/caret/sakai/rsf/servlet/SakaiServletContextLocatorListener.class
  1429 Sat Sep 13 18:46:32 EDT 2008 uk/ac/cam/caret/sakai/rsf/servlet/SakaiServletContextLocatorLocator$1.class
  2060 Sat Sep 13 18:46:32 EDT 2008 uk/ac/cam/caret/sakai/rsf/servlet/SakaiServletContextLocatorLocator.class
  1960 Sat Sep 13 18:46:32 EDT 2008 uk/ac/cam/caret/sakai/rsf/state/InSakaiSessionTSH.class
  1085 Sat Sep 13 18:46:32 EDT 2008 uk/ac/cam/caret/sakai/rsf/template/SakaiBodyTPI.class
  1447 Sat Sep 13 18:46:32 EDT 2008 uk/ac/cam/caret/sakai/rsf/template/SakaiPortalMatterSCR.class
  1045 Sat Sep 13 18:46:32 EDT 2008 uk/ac/cam/caret/sakai/rsf/util/MimeIconFetcher.class
  2285 Sat Sep 13 18:46:32 EDT 2008 uk/ac/cam/caret/sakai/rsf/util/PermissionChecker.class
  1199 Sat Sep 13 18:46:32 EDT 2008 uk/ac/cam/caret/sakai/rsf/util/SakaiURLUtil.class
     0 Sat Sep 13 18:46:32 EDT 2008 META-INF/maven/
     0 Sat Sep 13 18:46:32 EDT 2008 META-INF/maven/uk.org.ponder.sakairsf/
     0 Sat Sep 13 18:46:32 EDT 2008 META-INF/maven/uk.org.ponder.sakairsf/sakairsf/
 12959 Sat Sep 13 18:24:22 EDT 2008 META-INF/maven/uk.org.ponder.sakairsf/sakairsf/pom.xml
   132 Sat Sep 13 18:46:32 EDT 2008 META-INF/maven/uk.org.ponder.sakairsf/sakairsf/pom.properties
